[2026-03-24T06:54:45Z INFO  wgpu_hal::vulkan::instance] Debug utils not enabled: debug_utils_user_data not passed to Instance::from_raw
[2026-03-24T06:54:46Z INFO  wgpu_core::instance] Adapter Vulkan AdapterInfo { name: "Intel(R) RaptorLake-S Mobile Graphics Controller", vendor: 32902, device: 42888, device_type: IntegratedGpu, driver: "Intel Corporation", driver_info: "101.5542", backend: Vulkan }
[2026-03-24T06:54:46Z INFO  wgpu_core::instance] Adapter Vulkan AdapterInfo { name: "NVIDIA GeForce RTX 4060 Laptop GPU", vendor: 4318, device: 10464, device_type: DiscreteGpu, driver: "NVIDIA", driver_info: "556.19", backend: Vulkan }
[2026-03-24T06:54:46Z INFO  wgpu_core::instance] Adapter Gl AdapterInfo { name: "Intel(R) RaptorLake-S Mobile Graphics Controller", vendor: 32902, device: 0, device_type: IntegratedGpu, driver: "OpenGL", driver_info: "4.6.0 - Build 32.0.101.5542", backend: Gl }
[2026-03-24T06:54:46Z WARN  wgpu_hal::vulkan::conv] Unrecognized present mode SHARED_DEMAND_REFRESH
[2026-03-24T06:54:46Z WARN  wgpu_hal::vulkan::conv] Unrecognized present mode SHARED_CONTINUOUS_REFRESH
[2026-03-24T06:54:46Z INFO  wgpu_core::instance] Adapter Vulkan AdapterInfo { name: "NVIDIA GeForce RTX 4060 Laptop GPU", vendor: 4318, device: 10464, device_type: DiscreteGpu, driver: "NVIDIA", driver_info: "556.19", backend: Vulkan }
[2026-03-24T06:54:46Z INFO  egui_wgpu] There were 3 available wgpu adapters: {backend: Vulkan, device_type: IntegratedGpu, name: "Intel(R) RaptorLake-S Mobile Graphics Controller", driver: "Intel Corporation", driver_info: "101.5542", vendor: 0x8086, device: 0xA788}, {backend: Vulkan, device_type: DiscreteGpu, name: "NVIDIA GeForce RTX 4060 Laptop GPU", driver: "NVIDIA", driver_info: "556.19", vendor: 0x10DE, device: 0x28E0}, {backend: Gl, device_type: IntegratedGpu, name: "Intel(R) RaptorLake-S Mobile Graphics Controller", driver: "OpenGL", driver_info: "4.6.0 - Build 32.0.101.5542", vendor: 0x8086}
[2026-03-24T06:54:46Z INFO  naga::back::spv::writer] Skip function Some("position_from_screen")
[2026-03-24T06:54:53Z ERROR kolibri_cad::test_bridge] Test input parse error: invalid escape at line 1 column 51
[2026-03-24T06:55:19Z INFO  kolibri_cad::file_io] Test bridge: executing 1 commands
[2026-03-24T06:55:19Z INFO  kolibri_cad::import::dwg_parser] DWG bounds: (-16649,-131072) - (270864,417798), size 287513x548870 mm
[2026-03-24T06:55:19Z INFO  kolibri_cad::import::dwg_parser] DWG parsed: version=AutoCAD 2018, size=41133 bytes, points=131, texts=153
[2026-03-24T06:55:19Z INFO  kolibri_cad::file_io] Test bridge: done
[2026-03-24T06:55:46Z INFO  kolibri_cad::file_io] Auto-saved to D:\AI_Design\Kolibri_Ai3D\app\autosave.k3d
[2026-03-24T06:55:59Z INFO  kolibri_cad::file_io] Test bridge: executing 1 commands
[2026-03-24T06:55:59Z INFO  kolibri_cad::import::pdf_parser] PDF bounds: (-56,-857)-(1218,199) pts => 450x373 mm
[2026-03-24T06:55:59Z INFO  kolibri_cad::import::pdf_parser] PDF parsed: size=182195 bytes, points=7373, lines=4417, texts=0
[2026-03-24T06:55:59Z INFO  kolibri_cad::file_io] Test bridge: done
[2026-03-24T06:56:23Z INFO  kolibri_cad::file_io] Test bridge: executing 2 commands
[2026-03-24T06:56:23Z INFO  kolibri_cad::renderer] Screenshot saved: D:/AI_Design/Kolibri_Ai3D/app/test_screenshot.png
[2026-03-24T06:56:23Z INFO  kolibri_cad::file_io] Test bridge: done
